// Jest Snapshot v1, https://goo.gl/fbAQLP

exports[`should render LoginPage correctly 1`] = `
<div
  className="box-layout"
>
  <div
    className="box-layout__box"
  >
    <h1
      className="box-layout__title"
    >
      React Boiler Plate
    </h1>
    <p>
      Tag line for app
    </p>
    <div
      className="button-box__logins"
    >
      <button
        className="button"
      >
        Login with Google
      </button>
      <button
        className="button"
      >
        Login with Facebook
      </button>
    </div>
  </div>
</div>
`;
